// Jest Snapshot v1, https://goo.gl/fbAQLP

exports[`should render ExpenseListItem with a test expenses 1`] = `
<div>
  <h3>
    <Link
      replace={false}
      to="/edit/1"
    >
      Description: 
      Gum
    </Link>
  </h3>
  <p>
    Amount: 
    195
     - Created At: 
    0
  </p>
</div>
`;
